// Jest Snapshot v1, https://goo.gl/fbAQLP

exports[`<PostDetail /> renders the component 1`] = `
<PostDetail
  classes={
    Object {
      "action": "Connect-PostDetail--action-9",
      "body": "Connect-PostDetail--body-7",
      "detail": "Connect-PostDetail--detail-3",
      "divider": "Connect-PostDetail--divider-8",
      "headline": "Connect-PostDetail--headline-5",
      "headlineItems": "Connect-PostDetail--headlineItems-6",
      "link": "Connect-PostDetail--link-11",
      "post": "Connect-PostDetail--post-2",
      "root": "Connect-PostDetail--root-1",
      "side": "Connect-PostDetail--side-4",
      "vote": "Connect-PostDetail--vote-10",
    }
  }
  fetchPostById={[Function]}
  id={
    Object {
      "author": "thingtwo",
      "body": "Everyone says so after all.",
      "category": "categoryone",
      "commentCount": 2,
      "deleted": false,
      "id": "8xf0y6ziyjabvozdd253nd",
      "timestamp": 1467166872634,
      "title": "Udacity is the best place to learn React",
      "voteScore": 6,
    }
  }
  removePost={[Function]}
  store={
    Object {
      "clearActions": [Function],
      "dispatch": [Function],
      "getActions": [Function],
      "getState": [Function],
      "replaceReducer": [Function],
      "subscribe": [Function],
    }
  }
  storeSubscription={
    Subscription {
      "listeners": Object {
        "clear": [Function],
        "get": [Function],
        "notify": [Function],
        "subscribe": [Function],
      },
      "onStateChange": [Function],
      "parentSub": undefined,
      "store": Object {
        "clearActions": [Function],
        "dispatch": [Function],
        "getActions": [Function],
        "getState": [Function],
        "replaceReducer": [Function],
        "subscribe": [Function],
      },
      "unsubscribe": [Function],
    }
  }
/>
`;
